[     135ms] [WARNING] Google Maps JavaScript API has been loaded directly without loading=async. This can result in suboptimal performance. For best-practice loading patterns please see https://goo.gle/js-api-loading @ https://maps.googleapis.com/maps/api/js?key=AIzaSyBFw0Qbyq9zTFTd-tUY6dZWTgaQzuU17R8&libraries=places&callback=initMap:2598
[     168ms] [WARNING] As of February 21st, 2024, google.maps.Marker is deprecated. Please use google.maps.marker.AdvancedMarkerElement instead. At this time, google.maps.Marker is not scheduled to be discontinued, but google.maps.marker.AdvancedMarkerElement is recommended over google.maps.Marker. While google.maps.Marker will continue to receive bug fixes for any major regressions, existing bugs in google.maps.Marker will not be addressed. At least 12 months notice will be given before support is discontinued. Please see https://developers.google.com/maps/deprecations for additional details and https://developers.google.com/maps/documentation/javascript/advanced-markers/migration for the migration guide. @ https://maps.googleapis.com/maps/api/js?key=AIzaSyBFw0Qbyq9zTFTd-tUY6dZWTgaQzuU17R8&libraries=places&callback=initMap:2699
[     170ms] [WARNING] As of March 1st, 2025, google.maps.places.Autocomplete is not available to new customers. Please use google.maps.places.PlaceAutocompleteElement instead. At this time, google.maps.places.Autocomplete is not scheduled to be discontinued, but google.maps.places.PlaceAutocompleteElement is recommended over google.maps.places.Autocomplete. While google.maps.places.Autocomplete will continue to receive bug fixes for any major regressions, existing bugs in google.maps.places.Autocomplete will not be addressed. At least 12 months notice will be given before support is discontinued. Please see https://developers.google.com/maps/legacy for additional details and https://developers.google.com/maps/documentation/javascript/places-migration-overview for the migration guide. @ https://maps.googleapis.com/maps/api/js?key=AIzaSyBFw0Qbyq9zTFTd-tUY6dZWTgaQzuU17R8&libraries=places&callback=initMap:962
[     461ms] [ERROR] Google Maps JavaScript API error: BillingNotEnabledMapError
https://developers.google.com/maps/documentation/javascript/error-messages#billing-not-enabled-map-error @ https://maps.googleapis.com/maps/api/js?key=AIzaSyBFw0Qbyq9zTFTd-tUY6dZWTgaQzuU17R8&libraries=places&callback=initMap:2468
[  110447ms] [WARNING] Google Maps JavaScript API has been loaded directly without loading=async. This can result in suboptimal performance. For best-practice loading patterns please see https://goo.gle/js-api-loading @ https://maps.googleapis.com/maps/api/js?key=AIzaSyBFw0Qbyq9zTFTd-tUY6dZWTgaQzuU17R8&libraries=places&callback=Function.prototype:2598
[  110548ms] [WARNING] As of February 21st, 2024, google.maps.Marker is deprecated. Please use google.maps.marker.AdvancedMarkerElement instead. At this time, google.maps.Marker is not scheduled to be discontinued, but google.maps.marker.AdvancedMarkerElement is recommended over google.maps.Marker. While google.maps.Marker will continue to receive bug fixes for any major regressions, existing bugs in google.maps.Marker will not be addressed. At least 12 months notice will be given before support is discontinued. Please see https://developers.google.com/maps/deprecations for additional details and https://developers.google.com/maps/documentation/javascript/advanced-markers/migration for the migration guide. @ https://maps.googleapis.com/maps/api/js?key=AIzaSyBFw0Qbyq9zTFTd-tUY6dZWTgaQzuU17R8&libraries=places&callback=Function.prototype:2699
[  110741ms] [ERROR] Google Maps JavaScript API error: BillingNotEnabledMapError
https://developers.google.com/maps/documentation/javascript/error-messages#billing-not-enabled-map-error @ https://maps.googleapis.com/maps/api/js?key=AIzaSyBFw0Qbyq9zTFTd-tUY6dZWTgaQzuU17R8&libraries=places&callback=Function.prototype:2468
[  111228ms] [WARNING] Element with name "gmp-internal-loading-text" already defined. @ https://maps.googleapis.com/maps/api/js?key=AIzaSyBFw0Qbyq9zTFTd-tUY6dZWTgaQzuU17R8&libraries=places&callback=initDetailMap:2502
[  111229ms] [WARNING] Element with name "gmp-internal-request-error-text" already defined. @ https://maps.googleapis.com/maps/api/js?key=AIzaSyBFw0Qbyq9zTFTd-tUY6dZWTgaQzuU17R8&libraries=places&callback=initDetailMap:2502
[  111231ms] [WARNING] Element with name "gmp-internal-back-button" already defined. @ https://maps.googleapis.com/maps/api/js?key=AIzaSyBFw0Qbyq9zTFTd-tUY6dZWTgaQzuU17R8&libraries=places&callback=initDetailMap:2502
[  111232ms] [WARNING] Element with name "gmp-internal-dialog" already defined. @ https://maps.googleapis.com/maps/api/js?key=AIzaSyBFw0Qbyq9zTFTd-tUY6dZWTgaQzuU17R8&libraries=places&callback=initDetailMap:2502
[  111232ms] [WARNING] Element with name "gmp-internal-disclosure" already defined. @ https://maps.googleapis.com/maps/api/js?key=AIzaSyBFw0Qbyq9zTFTd-tUY6dZWTgaQzuU17R8&libraries=places&callback=initDetailMap:2502
[  111233ms] [WARNING] Element with name "gmp-internal-disclosure-section" already defined. @ https://maps.googleapis.com/maps/api/js?key=AIzaSyBFw0Qbyq9zTFTd-tUY6dZWTgaQzuU17R8&libraries=places&callback=initDetailMap:2502
[  111233ms] [WARNING] Element with name "gmp-internal-attribution" already defined. @ https://maps.googleapis.com/maps/api/js?key=AIzaSyBFw0Qbyq9zTFTd-tUY6dZWTgaQzuU17R8&libraries=places&callback=initDetailMap:2502
[  111235ms] [WARNING] Element with name "gmp-internal-element-support-verification" already defined. @ https://maps.googleapis.com/maps/api/js?key=AIzaSyBFw0Qbyq9zTFTd-tUY6dZWTgaQzuU17R8&libraries=places&callback=initDetailMap:2502
[  111235ms] [ERROR] You have included the Google Maps JavaScript API multiple times on this page. This may cause unexpected errors. @ https://maps.googleapis.com/maps/api/js?key=AIzaSyBFw0Qbyq9zTFTd-tUY6dZWTgaQzuU17R8&libraries=places&callback=initDetailMap:2606
[  111237ms] [WARNING] Google Maps JavaScript API has been loaded directly without loading=async. This can result in suboptimal performance. For best-practice loading patterns please see https://goo.gle/js-api-loading @ https://maps.googleapis.com/maps/api/js?key=AIzaSyBFw0Qbyq9zTFTd-tUY6dZWTgaQzuU17R8&libraries=places&callback=initDetailMap:2598
[  111260ms] [WARNING] Element with name "gmp-pin" already defined. @ https://maps.googleapis.com/maps/api/js?key=AIzaSyBFw0Qbyq9zTFTd-tUY6dZWTgaQzuU17R8&libraries=places&callback=initDetailMap:2502
[  111274ms] [WARNING] Element with name "gmp-internal-camera-control" already defined. @ https://maps.googleapis.com/maps/api/js?key=AIzaSyBFw0Qbyq9zTFTd-tUY6dZWTgaQzuU17R8&libraries=places&callback=initDetailMap:2502
[  111305ms] [WARNING] Element with name "gmp-internal-rating" already defined. @ https://maps.googleapis.com/maps/api/js?key=AIzaSyBFw0Qbyq9zTFTd-tUY6dZWTgaQzuU17R8&libraries=places&callback=initDetailMap:2502
[  111306ms] [WARNING] Element with name "gmp-place-all-content" already defined. @ https://maps.googleapis.com/maps/api/js?key=AIzaSyBFw0Qbyq9zTFTd-tUY6dZWTgaQzuU17R8&libraries=places&callback=initDetailMap:2502
[  111306ms] [WARNING] Element with name "gmp-internal-link-button" already defined. @ https://maps.googleapis.com/maps/api/js?key=AIzaSyBFw0Qbyq9zTFTd-tUY6dZWTgaQzuU17R8&libraries=places&callback=initDetailMap:2502
[  111307ms] [WARNING] Element with name "gmp-internal-menu" already defined. @ https://maps.googleapis.com/maps/api/js?key=AIzaSyBFw0Qbyq9zTFTd-tUY6dZWTgaQzuU17R8&libraries=places&callback=initDetailMap:2502
[  111309ms] [WARNING] Element with name "gmp-internal-place-opening-hours" already defined. @ https://maps.googleapis.com/maps/api/js?key=AIzaSyBFw0Qbyq9zTFTd-tUY6dZWTgaQzuU17R8&libraries=places&callback=initDetailMap:2502
[  111310ms] [WARNING] Element with name "gmp-internal-place-review" already defined. @ https://maps.googleapis.com/maps/api/js?key=AIzaSyBFw0Qbyq9zTFTd-tUY6dZWTgaQzuU17R8&libraries=places&callback=initDetailMap:2502
[  111310ms] [WARNING] Element with name "gmp-internal-tabbed-layout" already defined. @ https://maps.googleapis.com/maps/api/js?key=AIzaSyBFw0Qbyq9zTFTd-tUY6dZWTgaQzuU17R8&libraries=places&callback=initDetailMap:2502
[  111311ms] [WARNING] Element with name "gmp-internal-lightbox" already defined. @ https://maps.googleapis.com/maps/api/js?key=AIzaSyBFw0Qbyq9zTFTd-tUY6dZWTgaQzuU17R8&libraries=places&callback=initDetailMap:2502
[  111312ms] [WARNING] Element with name "gmp-internal-collage" already defined. @ https://maps.googleapis.com/maps/api/js?key=AIzaSyBFw0Qbyq9zTFTd-tUY6dZWTgaQzuU17R8&libraries=places&callback=initDetailMap:2502
[  111312ms] [WARNING] Element with name "gmp-internal-popular-times-histogram" already defined. @ https://maps.googleapis.com/maps/api/js?key=AIzaSyBFw0Qbyq9zTFTd-tUY6dZWTgaQzuU17R8&libraries=places&callback=initDetailMap:2502
[  111313ms] [WARNING] Element with name "gmp-internal-selection-button" already defined. @ https://maps.googleapis.com/maps/api/js?key=AIzaSyBFw0Qbyq9zTFTd-tUY6dZWTgaQzuU17R8&libraries=places&callback=initDetailMap:2502
[  111313ms] [WARNING] Element with name "gmp-internal-place-popular-times" already defined. @ https://maps.googleapis.com/maps/api/js?key=AIzaSyBFw0Qbyq9zTFTd-tUY6dZWTgaQzuU17R8&libraries=places&callback=initDetailMap:2502
[  111313ms] [WARNING] Element with name "gmp-internal-place-rating-summary" already defined. @ https://maps.googleapis.com/maps/api/js?key=AIzaSyBFw0Qbyq9zTFTd-tUY6dZWTgaQzuU17R8&libraries=places&callback=initDetailMap:2502
[  111314ms] [WARNING] Element with name "gmp-place-content-config" already defined. @ https://maps.googleapis.com/maps/api/js?key=AIzaSyBFw0Qbyq9zTFTd-tUY6dZWTgaQzuU17R8&libraries=places&callback=initDetailMap:2502
[  111314ms] [WARNING] Element with name "gmp-place-standard-content" already defined. @ https://maps.googleapis.com/maps/api/js?key=AIzaSyBFw0Qbyq9zTFTd-tUY6dZWTgaQzuU17R8&libraries=places&callback=initDetailMap:2502
[  111315ms] [WARNING] Element with name "gmp-internal-place-transit-line" already defined. @ https://maps.googleapis.com/maps/api/js?key=AIzaSyBFw0Qbyq9zTFTd-tUY6dZWTgaQzuU17R8&libraries=places&callback=initDetailMap:2502
[  111315ms] [WARNING] Element with name "gmp-internal-place-transit-type" already defined. @ https://maps.googleapis.com/maps/api/js?key=AIzaSyBFw0Qbyq9zTFTd-tUY6dZWTgaQzuU17R8&libraries=places&callback=initDetailMap:2502
[  111316ms] [WARNING] Element with name "gmp-internal-place-transit" already defined. @ https://maps.googleapis.com/maps/api/js?key=AIzaSyBFw0Qbyq9zTFTd-tUY6dZWTgaQzuU17R8&libraries=places&callback=initDetailMap:2502
[  111316ms] [WARNING] Element with name "gmp-internal-place-basic-info" already defined. @ https://maps.googleapis.com/maps/api/js?key=AIzaSyBFw0Qbyq9zTFTd-tUY6dZWTgaQzuU17R8&libraries=places&callback=initDetailMap:2502
[  111317ms] [WARNING] Element with name "gmp-place-details-location-request" already defined. @ https://maps.googleapis.com/maps/api/js?key=AIzaSyBFw0Qbyq9zTFTd-tUY6dZWTgaQzuU17R8&libraries=places&callback=initDetailMap:2502
[  111317ms] [WARNING] Element with name "gmp-place-details-place-request" already defined. @ https://maps.googleapis.com/maps/api/js?key=AIzaSyBFw0Qbyq9zTFTd-tUY6dZWTgaQzuU17R8&libraries=places&callback=initDetailMap:2502
[  111318ms] [WARNING] Element with name "gmp-internal-circular-loader" already defined. @ https://maps.googleapis.com/maps/api/js?key=AIzaSyBFw0Qbyq9zTFTd-tUY6dZWTgaQzuU17R8&libraries=places&callback=initDetailMap:2502
[  111319ms] [WARNING] Element with name "gmp-place-details-compact" already defined. @ https://maps.googleapis.com/maps/api/js?key=AIzaSyBFw0Qbyq9zTFTd-tUY6dZWTgaQzuU17R8&libraries=places&callback=initDetailMap:2502
[  111319ms] [WARNING] Element with name "gmp-place-details" already defined. @ https://maps.googleapis.com/maps/api/js?key=AIzaSyBFw0Qbyq9zTFTd-tUY6dZWTgaQzuU17R8&libraries=places&callback=initDetailMap:2502
[  111320ms] [WARNING] Element with name "gmp-internal-use-2d-map-place-details-compact" already defined. @ https://maps.googleapis.com/maps/api/js?key=AIzaSyBFw0Qbyq9zTFTd-tUY6dZWTgaQzuU17R8&libraries=places&callback=initDetailMap:2502
[  111320ms] [WARNING] Element with name "gmp-place-media" already defined. @ https://maps.googleapis.com/maps/api/js?key=AIzaSyBFw0Qbyq9zTFTd-tUY6dZWTgaQzuU17R8&libraries=places&callback=initDetailMap:2502
[  111321ms] [WARNING] Element with name "gmp-place-address" already defined. @ https://maps.googleapis.com/maps/api/js?key=AIzaSyBFw0Qbyq9zTFTd-tUY6dZWTgaQzuU17R8&libraries=places&callback=initDetailMap:2502
[  111321ms] [WARNING] Element with name "gmp-place-rating" already defined. @ https://maps.googleapis.com/maps/api/js?key=AIzaSyBFw0Qbyq9zTFTd-tUY6dZWTgaQzuU17R8&libraries=places&callback=initDetailMap:2502
[  111322ms] [WARNING] Element with name "gmp-place-type" already defined. @ https://maps.googleapis.com/maps/api/js?key=AIzaSyBFw0Qbyq9zTFTd-tUY6dZWTgaQzuU17R8&libraries=places&callback=initDetailMap:2502
[  111322ms] [WARNING] Element with name "gmp-place-price" already defined. @ https://maps.googleapis.com/maps/api/js?key=AIzaSyBFw0Qbyq9zTFTd-tUY6dZWTgaQzuU17R8&libraries=places&callback=initDetailMap:2502
[  111322ms] [WARNING] Element with name "gmp-place-accessible-entrance-icon" already defined. @ https://maps.googleapis.com/maps/api/js?key=AIzaSyBFw0Qbyq9zTFTd-tUY6dZWTgaQzuU17R8&libraries=places&callback=initDetailMap:2502
[  111323ms] [WARNING] Element with name "gmp-place-open-now-status" already defined. @ https://maps.googleapis.com/maps/api/js?key=AIzaSyBFw0Qbyq9zTFTd-tUY6dZWTgaQzuU17R8&libraries=places&callback=initDetailMap:2502
[  111323ms] [WARNING] Element with name "gmp-place-attribution" already defined. @ https://maps.googleapis.com/maps/api/js?key=AIzaSyBFw0Qbyq9zTFTd-tUY6dZWTgaQzuU17R8&libraries=places&callback=initDetailMap:2502
[  111323ms] [WARNING] Element with name "gmp-place-website" already defined. @ https://maps.googleapis.com/maps/api/js?key=AIzaSyBFw0Qbyq9zTFTd-tUY6dZWTgaQzuU17R8&libraries=places&callback=initDetailMap:2502
[  111323ms] [WARNING] Element with name "gmp-place-phone-number" already defined. @ https://maps.googleapis.com/maps/api/js?key=AIzaSyBFw0Qbyq9zTFTd-tUY6dZWTgaQzuU17R8&libraries=places&callback=initDetailMap:2502
[  111324ms] [WARNING] Element with name "gmp-place-opening-hours" already defined. @ https://maps.googleapis.com/maps/api/js?key=AIzaSyBFw0Qbyq9zTFTd-tUY6dZWTgaQzuU17R8&libraries=places&callback=initDetailMap:2502
[  111324ms] [WARNING] Element with name "gmp-place-summary" already defined. @ https://maps.googleapis.com/maps/api/js?key=AIzaSyBFw0Qbyq9zTFTd-tUY6dZWTgaQzuU17R8&libraries=places&callback=initDetailMap:2502
[  111325ms] [WARNING] Element with name "gmp-place-type-specific-highlights" already defined. @ https://maps.googleapis.com/maps/api/js?key=AIzaSyBFw0Qbyq9zTFTd-tUY6dZWTgaQzuU17R8&libraries=places&callback=initDetailMap:2502
[  111325ms] [WARNING] Element with name "gmp-place-review-summary" already defined. @ https://maps.googleapis.com/maps/api/js?key=AIzaSyBFw0Qbyq9zTFTd-tUY6dZWTgaQzuU17R8&libraries=places&callback=initDetailMap:2502
[  111325ms] [WARNING] Element with name "gmp-place-reviews" already defined. @ https://maps.googleapis.com/maps/api/js?key=AIzaSyBFw0Qbyq9zTFTd-tUY6dZWTgaQzuU17R8&libraries=places&callback=initDetailMap:2502
[  111326ms] [WARNING] Element with name "gmp-place-plus-code" already defined. @ https://maps.googleapis.com/maps/api/js?key=AIzaSyBFw0Qbyq9zTFTd-tUY6dZWTgaQzuU17R8&libraries=places&callback=initDetailMap:2502
[  111326ms] [WARNING] Element with name "gmp-place-feature-list" already defined. @ https://maps.googleapis.com/maps/api/js?key=AIzaSyBFw0Qbyq9zTFTd-tUY6dZWTgaQzuU17R8&libraries=places&callback=initDetailMap:2502
[  111327ms] [WARNING] Element with name "gmp-internal-use-place-details-compact" already defined. @ https://maps.googleapis.com/maps/api/js?key=AIzaSyBFw0Qbyq9zTFTd-tUY6dZWTgaQzuU17R8&libraries=places&callback=initDetailMap:2502
[  111327ms] [WARNING] Element with name "gmp-internal-place-carousel" already defined. @ https://maps.googleapis.com/maps/api/js?key=AIzaSyBFw0Qbyq9zTFTd-tUY6dZWTgaQzuU17R8&libraries=places&callback=initDetailMap:2502
[  111328ms] [WARNING] Element with name "gmp-internal-place-search-list-item" already defined. @ https://maps.googleapis.com/maps/api/js?key=AIzaSyBFw0Qbyq9zTFTd-tUY6dZWTgaQzuU17R8&libraries=places&callback=initDetailMap:2502
[  111329ms] [WARNING] Element with name "gmp-internal-advanced-place-search-list-item" already defined. @ https://maps.googleapis.com/maps/api/js?key=AIzaSyBFw0Qbyq9zTFTd-tUY6dZWTgaQzuU17R8&libraries=places&callback=initDetailMap:2502
[  111330ms] [WARNING] Element with name "gmp-place-nearby-search-request" already defined. @ https://maps.googleapis.com/maps/api/js?key=AIzaSyBFw0Qbyq9zTFTd-tUY6dZWTgaQzuU17R8&libraries=places&callback=initDetailMap:2502
[  111330ms] [WARNING] Element with name "gmp-place-text-search-request" already defined. @ https://maps.googleapis.com/maps/api/js?key=AIzaSyBFw0Qbyq9zTFTd-tUY6dZWTgaQzuU17R8&libraries=places&callback=initDetailMap:2502
[  111330ms] [WARNING] Element with name "gmp-place-search" already defined. @ https://maps.googleapis.com/maps/api/js?key=AIzaSyBFw0Qbyq9zTFTd-tUY6dZWTgaQzuU17R8&libraries=places&callback=initDetailMap:2502
[  111333ms] [WARNING] Element with name "gmp-map" already defined. @ https://maps.googleapis.com/maps/api/js?key=AIzaSyBFw0Qbyq9zTFTd-tUY6dZWTgaQzuU17R8&libraries=places&callback=initDetailMap:2502
[  111334ms] [WARNING] Element with name "gmp-place-autocomplete" already defined. @ https://maps.googleapis.com/maps/api/js?key=AIzaSyBFw0Qbyq9zTFTd-tUY6dZWTgaQzuU17R8&libraries=places&callback=initDetailMap:2502
[  111334ms] [WARNING] Element with name "gmp-basic-place-autocomplete" already defined. @ https://maps.googleapis.com/maps/api/js?key=AIzaSyBFw0Qbyq9zTFTd-tUY6dZWTgaQzuU17R8&libraries=places&callback=initDetailMap:2502
[  111355ms] [WARNING] As of February 21st, 2024, google.maps.Marker is deprecated. Please use google.maps.marker.AdvancedMarkerElement instead. At this time, google.maps.Marker is not scheduled to be discontinued, but google.maps.marker.AdvancedMarkerElement is recommended over google.maps.Marker. While google.maps.Marker will continue to receive bug fixes for any major regressions, existing bugs in google.maps.Marker will not be addressed. At least 12 months notice will be given before support is discontinued. Please see https://developers.google.com/maps/deprecations for additional details and https://developers.google.com/maps/documentation/javascript/advanced-markers/migration for the migration guide. @ https://maps.googleapis.com/maps/api/js?key=AIzaSyBFw0Qbyq9zTFTd-tUY6dZWTgaQzuU17R8&libraries=places&callback=initDetailMap:2699
[  111379ms] [WARNING] Element with name "gmp-internal-use-am" already defined. @ https://maps.googleapis.com/maps/api/js?key=AIzaSyBFw0Qbyq9zTFTd-tUY6dZWTgaQzuU17R8&libraries=places&callback=initDetailMap:2502
[  111596ms] [ERROR] Google Maps JavaScript API error: BillingNotEnabledMapError
https://developers.google.com/maps/documentation/javascript/error-messages#billing-not-enabled-map-error @ https://maps.googleapis.com/maps/api/js?key=AIzaSyBFw0Qbyq9zTFTd-tUY6dZWTgaQzuU17R8&libraries=places&callback=initDetailMap:2468
